  Γû▓ Next.js 15.0.0

   Creating an optimized production build ...
 Γ£ô Compiled successfully
   Linting and checking validity of types ...
node.exe : 
At line:1 char:1
+ & "C:\Program 
Files\nodejs/node.exe" 
"C:\Program 
Files\nodejs/node_mo ...
+ ~~~~~~~~~~~~~~~~~~~~~~~~~
~~~~~~~~~~~~~~~~~~~~~~~~~~~
~~~~~~~~~~~~~~~~~
    + CategoryInfo         
     : NotSpecified: (:St  
  ring) [], RemoteExcept   
 ion
    + FullyQualifiedErrorI 
   d : NativeCommandError
 
Failed to compile.

./src/app/admin/page.tsx
3:8  Error: 'Link' is 
defined but never used.  @t
ypescript-eslint/no-unused-
vars
14:46  Error: Unexpected 
any. Specify a different 
type.  @typescript-eslint/n
o-explicit-any
15:60  Error: Unexpected 
any. Specify a different 
type.  @typescript-eslint/n
o-explicit-any

./src/app/api/appointments/
route.ts
4:77  Error: 'getDoctors' 
is defined but never used. 
 @typescript-eslint/no-unus
ed-vars
31:19  Error: Unexpected 
any. Specify a different 
type.  @typescript-eslint/n
o-explicit-any
90:19  Error: Unexpected 
any. Specify a different 
type.  @typescript-eslint/n
o-explicit-any

./src/app/api/appointments/
[id]/route.ts
24:19  Error: Unexpected 
any. Specify a different 
type.  @typescript-eslint/n
o-explicit-any

./src/app/api/auth/login/ro
ute.ts
51:19  Error: Unexpected 
any. Specify a different 
type.  @typescript-eslint/n
o-explicit-any

./src/app/api/auth/register
/route.ts
71:19  Error: Unexpected 
any. Specify a different 
type.  @typescript-eslint/n
o-explicit-any

./src/app/api/doctors/route
.ts
12:19  Error: Unexpected 
any. Specify a different 
type.  @typescript-eslint/n
o-explicit-any

./src/app/api/triage/route.
ts
54:7  Error: 'message' is 
never reassigned. Use 
'const' instead.  
prefer-const
117:19  Error: Unexpected 
any. Specify a different 
type.  @typescript-eslint/n
o-explicit-any
124:19  Error: Unexpected 
any. Specify a different 
type.  @typescript-eslint/n
o-explicit-any

./src/app/api/users/route.t
s
20:21  Error: Unexpected 
any. Specify a different 
type.  @typescript-eslint/n
o-explicit-any

./src/app/book/page.tsx
36:36  Error: Unexpected 
any. Specify a different 
type.  @typescript-eslint/n
o-explicit-any

./src/app/dashboard/page.ts
x
10:29  Error: 
'SkeletonStatCard' is 
defined but never used.  @t
ypescript-eslint/no-unused-
vars
16:36  Error: Unexpected 
any. Specify a different 
type.  @typescript-eslint/n
o-explicit-any
17:60  Error: Unexpected 
any. Specify a different 
type.  @typescript-eslint/n
o-explicit-any
20:10  Error: 'isPaid' is 
assigned a value but never 
used.  @typescript-eslint/n
o-unused-vars

./src/app/doctor/page.tsx
25:36  Error: Unexpected 
any. Specify a different 
type.  @typescript-eslint/n
o-explicit-any
31:54  Error: Unexpected 
any. Specify a different 
type.  @typescript-eslint/n
o-explicit-any

./src/app/not-found.tsx
20:23  Error: `'` can be 
escaped with `&apos;`, 
`&lsquo;`, `&#39;`, 
`&rsquo;`.  
react/no-unescaped-entities
20:44  Error: `'` can be 
escaped with `&apos;`, 
`&lsquo;`, `&#39;`, 
`&rsquo;`.  
react/no-unescaped-entities

./src/app/room/page.tsx
37:6  Warning: React Hook 
useEffect has a missing 
dependency: 'scribeTexts'. 
Either include it or 
remove the dependency 
array.  
react-hooks/exhaustive-deps

./src/app/triage/page.tsx
8:102  Error: Unexpected 
any. Specify a different 
type.  @typescript-eslint/n
o-explicit-any

./src/app/uploads/[filename
]/route.ts
35:21  Error: Unexpected 
any. Specify a different 
type.  @typescript-eslint/n
o-explicit-any

./src/lib/api.ts
7:36  Error: Unexpected 
any. Specify a different 
type.  @typescript-eslint/n
o-explicit-any
49:19  Error: Unexpected 
any. Specify a different 
type.  @typescript-eslint/n
o-explicit-any
60:40  Error: Unexpected 
any. Specify a different 
type.  @typescript-eslint/n
o-explicit-any
81:19  Error: Unexpected 
any. Specify a different 
type.  @typescript-eslint/n
o-explicit-any

info  - Need to disable 
some ESLint rules? Learn 
more here: https://nextjs.o
rg/docs/basic-features/esli
nt#disabling-rules
