
> vitalink@0.1.0 build
> next build

  Γû▓ Next.js 15.0.0

   Creating an optimized production build ...
node.exe : Failed to 
compile.
At line:1 char:1
+ & "C:\Program 
Files\nodejs/node.exe" 
"C:\Program 
Files\nodejs/node_mo ...
+ ~~~~~~~~~~~~~~~~~~~~~~~~~
~~~~~~~~~~~~~~~~~~~~~~~~~~~
~~~~~~~~~~~~~~~~~
    + CategoryInfo         
     : NotSpecified: (Fai  
  led to compile.:String   
 ) [], RemoteException
    + FullyQualifiedErrorI 
   d : NativeCommandError
 

./src/lib/dataStore.ts
Module not found: Can't 
resolve 'fs'

https://nextjs.org/docs/mes
sages/module-not-found

Import trace for requested 
module:
./src/lib/integrityScore.ts
./src/components/IntegrityB
adge.tsx
./src/app/doctor/page.tsx


> Build failed because of 
webpack errors
